 1.00000E+00
 2.00000E+00*A
 3.00000E-03*A
 4.00000E-06*A**2
 5.00000E-06*A**2
 6.00000E-09*A**(-2)
 7.00000E+00
ADA.IO_EXCEPTIONS.DATA_ERROR - rest of line: "K"
 1.00000E+00*s**(-1)
SI.ILLEGAL_UNIT - rest of line: " no Ba"
SI.ILLEGAL_UNIT - rest of line: " no BqA"
 1.00000E+00*m**2*s**(-2)
SI.ILLEGAL_UNIT - rest of line: " no prefix on h"
 1.00000E+00*m**2*kg*s**(-2)*A**(-2)
 2.00000E+06*m**2*kg*s**(-2)*A**(-2)
 3.00000E+00*s**(-1)
 4.00000E+06*s**(-1)
 1.00000E+00*cd
 2.00000E+00*m**(-2)*cd
SI.ILLEGAL_UNIT - rest of line: " no ly"
 1.00000E+00*m
 2.00000E-01*m
 3.00000E+01*m
 4.00000E-02*m
 5.00000E+02*m
 6.00000E-03*m
 7.00000E+03*m
 8.00000E-06*m
 1.00000E+06*m
 1.00000E-03*kg
 2.00000E-02*kg
 3.00000E+00*kg
 1.00000E+00*m**(-1)*kg*s**(-2)
 2.00000E+15*m**(-1)*kg*s**(-2)
 1.00000E+00
 2.00000E+00
 1.00000E+00*s
 1.00000E+00*m**(-2)*kg**(-1)*s**3*A**2
 2.00000E+00*m**2*s**(-2)
 1.00000E+00*kg*s**(-2)*A**(-1)
 2.00000E+12*kg*s**(-2)*A**(-1)
 1.00000E+00*m**2*kg*s**(-3)
 2.00000E+00*m**2*kg*s**(-2)*A**(-1)
 1.00000E+00*m**2*kg*s**(-3)*A**(-2)
 2.00000E+00
 1.00000E+04*s**(-4/3)
 3.16228E-02*m**(-1/2)
 1.00000E+00*m*s**(-1)
SI.ILLEGAL_UNIT - rest of line: "  missing ()"
 3.16228E-05*s*A**(3/2)
SI.ILLEGAL_UNIT - rest of line: "  missing ()"
 3.00000E-09*s**(-1)*A**3
 1.00000E+00*m*s**(-1)
 2.00000E+00*m*s**(-1)
 3.00000E+06*m**2*s**(-2)
SI.ILLEGAL_UNIT - rest of line: "  missing exp"
 5.00000E+00*s**(-1)*mol
 6.00000E+03*s**(-1)*mol
SI.ILLEGAL_UNIT - rest of line: " no kd"
 1.00000E-03*mol
 2.00000E+00*mol
SI.ILLEGAL_UNIT - rest of line: " too long"
SI.ILLEGAL_UNIT - rest of line: "_underline stops"
 1.00000E-03*m**3
 2.00000E-01*m**3
 3.00000E+06*m**(-3)
-6.00000E+01*s
SI.ILLEGAL_UNIT - rest of line: " no prefix allowed"
 3.60000E+03*s
SI.ILLEGAL_UNIT - rest of line: " no prefix allowed"
 1.00000E+00*m*kg*s**(-3)*K**(-1)
 6.67420E-11*m**3*kg**(-1)*s**(-2)
ADA.IO_EXCEPTIONS.DATA_ERROR - rest of line: " trailing underline"
