100.0°C
40.0°C
-30.0°C
Unit_Error
Unit_Error
1001.0°C
Unit_Error
Data_Error
Unit_Error
2012.0°C
Unit_Error
Data_Error
18.1°C
2025.0°C
Unit_Error

