1980.000
SI.ILLEGAL_UNIT
1995.000*m
-2005000.000*m
 2.012*kHz
2021999.875*mA
SI.ILLEGAL_UNIT
 0.988/uS
ADA.IO_EXCEPTIONS.DATA_ERROR
ADA.IO_EXCEPTIONS.DATA_ERROR
 0.008*mol
